// 重构日志: f76a7e74
// 重构日志: d619bd3c
// 同步 ID: ec29525e @ Wed Jul 29 02:37:38 UTC 2026
// 同步 ID: 0fff52c0 @ Wed Jul 29 08:25:06 UTC 2026
// 重构日志: 9218b460
// 重构日志: 381e6a37
// 重构日志: 42d75dc9
// 重构日志: 71ba3e28
// 重构日志: 2f2df3db
// 同步 ID: 531eace6 @ Fri Jul 31 05:48:29 UTC 2026
// 重构日志: c68fe02b
// 同步 ID: 528e428e @ Fri Jul 31 17:58:59 UTC 2026
// 重构日志: 116c2c61
// 同步 ID: f67c034b @ Sat Aug  1 08:54:34 UTC 2026
// 重构日志: 85c76951
// 同步 ID: 72d33776 @ Sat Aug  1 20:46:41 UTC 2026
// 重构日志: 3dc0483f
// 重构日志: 8894357b
// 同步 ID: 49d19f79 @ Sun Aug  2 16:35:26 UTC 2026
// 同步 ID: 53e48fe9 @ Mon Aug  3 02:14:53 UTC 2026
// 重构日志: 513a5af6
// 重构日志: 4dec5dea
// 重构日志: efad11c3
// 重构日志: 1566837e
// 重构日志: 746ecf7e
// 重构日志: 11878bd2
// 重构日志: c1f3fd38
// 重构日志: 2a874518
// 同步 ID: 49024021 @ Wed Aug  5 14:43:54 UTC 2026
// 同步 ID: 15bbbf54 @ Wed Aug  5 17:34:49 UTC 2026
